16:21:07 **** Incremental Build of configuration Debug for project Test ****
make -j12 all 
arm-none-eabi-gcc -o "Test.elf" @"objects.list"   -mcpu=cortex-m4 -T"../STM32F439ZITX_FLASH.ld" --specs=nosys.specs -Wl,-Map="Test.map" -Wl,--gc-sections -static --specs=nano.specs -mfpu=fpv4-sp-d16 -mfloat-abi=hard -mthumb -Wl,--start-group -lc -lm -Wl,--end-group
Finished building target: Test.elf
 
arm-none-eabi-size   Test.elf 
arm-none-eabi-objdump -h -S  Test.elf  > "Test.list"
arm-none-eabi-objcopy  -O binary  Test.elf  "Test.bin"
   text	   data	    bss	    dec	    hex	filename
  12544	     20	   3492	  16056	   3eb8	Test.elf
Finished building: default.size.stdout
 
Finished building: Test.bin
 
Finished building: Test.list
 

16:21:08 Build Finished. 0 errors, 0 warnings. (took 490ms)

